[labdhi.aikyam.agency/index.html]
[backblue.gif]
[fade.gif]
[index.html]
[labdhi.aikyam.agency/assets/images/favicon/favicon.png]
[cdnjs.cloudflare.com/ajax/libs/font-awesome/6.5.0/css/all.min.css]
[labdhi.aikyam.agency/assets/css/font-awesome.min.css]
[labdhi.aikyam.agency/assets/css/flaticon.css]
[labdhi.aikyam.agency/assets/css/bootstrap.min.css]
[labdhi.aikyam.agency/assets/css/animate.css]
[labdhi.aikyam.agency/assets/css/owl.carousel.css]
[labdhi.aikyam.agency/assets/css/owl.theme.css]
[labdhi.aikyam.agency/assets/css/slick.css]
[labdhi.aikyam.agency/assets/css/slick-theme.css]
[labdhi.aikyam.agency/assets/css/owl.transitions.css]
[labdhi.aikyam.agency/assets/css/jquery.fancybox.css]
[labdhi.aikyam.agency/assets/css/jquery.mCustomScrollbar.min.css]
[labdhi.aikyam.agency/assets/css/style.css]
[labdhi.aikyam.agency/assets/images/Labdhi.png]
[labdhi.aikyam.agency/about.html]
[labdhi.aikyam.agency/Solenoid-Valve.html]
[labdhi.aikyam.agency/Pneumatic-Fittings.html]
[labdhi.aikyam.agency/Pipe-Fittings.html]
[labdhi.aikyam.agency/Pressure-Gauges.html]
[labdhi.aikyam.agency/Pressure-Switch.html]
[labdhi.aikyam.agency/Pneumatic-Cylinder.html]
[labdhi.aikyam.agency/Burner-Spare.html]
[labdhi.aikyam.agency/Gas-Safety-Regulators.html]
[labdhi.aikyam.agency/Lubricator-Air-Filter-Regulator.html]
[labdhi.aikyam.agency/Pneumatic-Accessories.html]
[labdhi.aikyam.agency/contact.html]
[labdhi.aikyam.agency/assets/images/slider/1.jpg]
[labdhi.aikyam.agency/assets/images/slider/2.jpg]
[labdhi.aikyam.agency/assets/images/about.png]
[labdhi.aikyam.agency/assets/images/services-s3/img-1.jpg]
[labdhi.aikyam.agency/assets/images/services-s3/img-2.jpg]
[labdhi.aikyam.agency/assets/images/services-s3/img-3.jpg]
[labdhi.aikyam.agency/Pneumatic-Valves.html]
[labdhi.aikyam.agency/assets/images/services-s3/img-4.jpg]
[labdhi.aikyam.agency/assets/images/services-s3/img-5.png]
[labdhi.aikyam.agency/assets/images/services-s3/img-6.jpg]
[labdhi.aikyam.agency/assets/images/services/solenoid-valve.jpg]
[labdhi.aikyam.agency/solenoid-valve]
[labdhi.aikyam.agency/assets/images/services/pneumatic-fittings.png]
[labdhi.aikyam.agency/pneumatic-fittings]
[labdhi.aikyam.agency/index.html]
[labdhi.aikyam.agency/about.html]
[labdhi.aikyam.agency/Solenoid-Valve.html]
[labdhi.aikyam.agency/Pneumatic-Fittings.html]
[labdhi.aikyam.agency/Pipe-Fittings.html]
[labdhi.aikyam.agency/Pressure-Gauges.html]
[labdhi.aikyam.agency/Pressure-Switch.html]
[labdhi.aikyam.agency/assets/images/pro32-big.jpg]
[labdhi.aikyam.agency/assets/images/pro33-big.jpg]
[labdhi.aikyam.agency/assets/images/pro34-big.jpg]
[labdhi.aikyam.agency/assets/images/pro36-big.jpg]
[labdhi.aikyam.agency/Pneumatic-Cylinder.html]
[labdhi.aikyam.agency/assets/images/product15-1.jpg]
[labdhi.aikyam.agency/Burner-Spare.html]
[labdhi.aikyam.agency/Gas-Safety-Regulators.html]
[labdhi.aikyam.agency/Lubricator-Air-Filter-Regulator.html]
[labdhi.aikyam.agency/Pneumatic-Accessories.html]
[labdhi.aikyam.agency/contact.html]
[labdhi.aikyam.agency/index-2]
[labdhi.aikyam.agency/index-4]
[labdhi.aikyam.agency/index-6]
[labdhi.aikyam.agency/Pneumatic-Valves.html]
[labdhi.aikyam.agency/solenoid-valve-2.html]
[labdhi.aikyam.agency/pneumatic-fittings-2.html]
[labdhi.aikyam.agency/pipe-fittings-2.html]
[labdhi.aikyam.agency/Tube-Fittings.html]
[labdhi.aikyam.agency/index-2.html]
[labdhi.aikyam.agency/index-3.html]
[labdhi.aikyam.agency/index-4.html]
[labdhi.aikyam.agency/index-5.html]
[labdhi.aikyam.agency/index-6.html]
[labdhi.aikyam.agency/services.html]
[labdhi.aikyam.agency/projects.html]
[labdhi.aikyam.agency/service-single.html]
[labdhi.aikyam.agency/project-single.html]
[labdhi.aikyam.agency/shop.html]
[labdhi.aikyam.agency/shop-sidebar.html]
[labdhi.aikyam.agency/shop-details.html]
[labdhi.aikyam.agency/testimonials.html]
[labdhi.aikyam.agency/faq.html]
[labdhi.aikyam.agency/blog.html]
[labdhi.aikyam.agency/blog-right-sidebar.html]
[labdhi.aikyam.agency/blog-left-sidebar.html]
[labdhi.aikyam.agency/blog-details.html]
[cdnjs.cloudflare.com/ajax/libs/font-awesome/6.5.0/css/all.min.css]
[labdhi.aikyam.agency/assets/css/font-awesome.min.css]
[labdhi.aikyam.agency/assets/css/flaticon.css]
[labdhi.aikyam.agency/assets/css/bootstrap.min.css]
[labdhi.aikyam.agency/assets/css/animate.css]
[labdhi.aikyam.agency/assets/css/owl.carousel.css]
[labdhi.aikyam.agency/assets/css/owl.theme.css]
[labdhi.aikyam.agency/assets/css/slick.css]
[labdhi.aikyam.agency/assets/css/slick-theme.css]
[labdhi.aikyam.agency/assets/css/owl.transitions.css]
[labdhi.aikyam.agency/assets/css/jquery.fancybox.css]
[labdhi.aikyam.agency/assets/css/mCSB_buttons]
[labdhi.aikyam.agency/assets/css/jquery.mCustomScrollbar.min.css]
[labdhi.aikyam.agency/assets/css/style.css]
[labdhi.aikyam.agency/solenoid-valve-2.html]
[labdhi.aikyam.agency/pneumatic-fittings-2.html]
[labdhi.aikyam.agency/assets/images/services/pipe-fittings.html]
[labdhi.aikyam.agency/assets/images/partners/img-1.html]
[labdhi.aikyam.agency/assets/images/partners/img-2.html]
[labdhi.aikyam.agency/assets/images/partners/img-3.html]
[labdhi.aikyam.agency/assets/images/partners/img-4.html]
[labdhi.aikyam.agency/assets/images/white.html]
[labdhi.aikyam.agency/assets/js/jquery.min.html]
[labdhi.aikyam.agency/assets/js/bootstrap.min.html]
[labdhi.aikyam.agency/assets/js/jquery-plugin-collection.html]
[labdhi.aikyam.agency/assets/js/jquery.mCustomScrollbar.html]
[labdhi.aikyam.agency/assets/js/script.html]
[labdhi.aikyam.agency/assets/images/slider/slide-1.html]
[labdhi.aikyam.agency/assets/images/slider/slide-3.html]
[labdhi.aikyam.agency/assets/images/offer-pic.html]
[labdhi.aikyam.agency/assets/images/projects/Solenoid-Valve/pro1-1.html]
[labdhi.aikyam.agency/assets/images/projects/Solenoid-Valve/pro2-2.html]
[labdhi.aikyam.agency/assets/images/projects/Solenoid-Valve/pro3-3.html]
[labdhi.aikyam.agency/assets/images/projects/Solenoid-Valve/pro4-4.html]
[labdhi.aikyam.agency/assets/images/projects/Solenoid-Valve/pro5-5.html]
[labdhi.aikyam.agency/assets/images/projects/Pneumatic-Fittings/pro6-6.html]
[labdhi.aikyam.agency/assets/images/projects/Pneumatic-Fittings/pro7-7.html]
[labdhi.aikyam.agency/assets/images/projects/Pneumatic-Fittings/pro8-8.html]
[labdhi.aikyam.agency/assets/images/projects/Pneumatic-Fittings/pro9-9.html]
[labdhi.aikyam.agency/assets/images/projects/Pipe-Fittings/pro9-9.html]
[labdhi.aikyam.agency/assets/images/projects/Pipe-Fittings/pro11-11.html]
[labdhi.aikyam.agency/assets/images/projects/Pipe-Fittings/pro12-12.html]
[labdhi.aikyam.agency/assets/images/projects/Pipe-Fittings/pro13-13.html]
[labdhi.aikyam.agency/assets/images/projects/Pipe-Fittings/pro14-14.html]
[labdhi.aikyam.agency/assets/images/pg1.html]
[labdhi.aikyam.agency/assets/images/pg2.html]
[labdhi.aikyam.agency/assets/images/pg3.html]
[labdhi.aikyam.agency/assets/images/pg4.html]
[labdhi.aikyam.agency/assets/images/pg5.html]
[labdhi.aikyam.agency/assets/images/pro32-32.html]
[labdhi.aikyam.agency/assets/images/pro33-33.html]
[labdhi.aikyam.agency/assets/images/pro34-34.html]
[labdhi.aikyam.agency/assets/images/pro35-35.html]
[labdhi.aikyam.agency/assets/images/pro36-36.html]
[labdhi.aikyam.agency/assets/images/pro32-big.html]
[labdhi.aikyam.agency/assets/images/pro33-big.html]
[labdhi.aikyam.agency/assets/images/pro34-big.html]
[labdhi.aikyam.agency/assets/images/pro35-big.html]
[labdhi.aikyam.agency/assets/images/pro36-big.html]
[labdhi.aikyam.agency/assets/images/product1-1.html]
[labdhi.aikyam.agency/assets/images/product2-2.html]
[labdhi.aikyam.agency/assets/images/product3-3.html]
[labdhi.aikyam.agency/assets/images/product4-4.html]
[labdhi.aikyam.agency/assets/images/product5-5.html]
[labdhi.aikyam.agency/assets/images/product6-6.html]
[labdhi.aikyam.agency/assets/images/product7-7.html]
[labdhi.aikyam.agency/assets/images/product8-8.html]
[labdhi.aikyam.agency/assets/images/product9-9.html]
[labdhi.aikyam.agency/assets/images/product10-10.html]
[labdhi.aikyam.agency/assets/images/product11-11.html]
[labdhi.aikyam.agency/assets/images/product12-12.html]
[labdhi.aikyam.agency/assets/images/product13-13.html]
[labdhi.aikyam.agency/assets/images/product14-14.html]
[labdhi.aikyam.agency/assets/images/product15-1.html]
[labdhi.aikyam.agency/assets/images/product16-16.html]
[labdhi.aikyam.agency/assets/images/product17-17.html]
[labdhi.aikyam.agency/assets/images/product18-18.html]
[labdhi.aikyam.agency/assets/images/product19-19.html]
[labdhi.aikyam.agency/assets/images/product20-20.html]
[labdhi.aikyam.agency/assets/images/product21-21.html]
[labdhi.aikyam.agency/assets/images/product22-22.html]
[labdhi.aikyam.agency/assets/images/product23-23.html]
[labdhi.aikyam.agency/assets/images/product24-24.html]
[labdhi.aikyam.agency/assets/images/product25-25.html]
[labdhi.aikyam.agency/assets/images/product26-26.html]
[labdhi.aikyam.agency/assets/images/product27-27.html]
[labdhi.aikyam.agency/assets/images/pro37-37.html]
[labdhi.aikyam.agency/assets/images/pro38-38.html]
[labdhi.aikyam.agency/assets/images/pro39-39.html]
[labdhi.aikyam.agency/assets/images/pro40-40.html]
[labdhi.aikyam.agency/assets/images/pro41-41.html]
[labdhi.aikyam.agency/assets/images/pro42-42.html]
[labdhi.aikyam.agency/assets/images/pneumatic-valves-3-big.html]
[labdhi.aikyam.agency/assets/images/pneumatic-valves-23-big.html]
[labdhi.aikyam.agency/assets/images/pneumatic-valves-30-big.html]
[labdhi.aikyam.agency/assets/images/pneumatic-valves-31-big.html]
[labdhi.aikyam.agency/assets/images/pneumatic-valves-32-big.html]
[labdhi.aikyam.agency/assets/images/pneumatic-valves-1-big.html]
[labdhi.aikyam.agency/assets/images/pneumatic-valves-2-big.html]
[labdhi.aikyam.agency/assets/images/pneumatic-valves-4-big.html]
[labdhi.aikyam.agency/assets/images/pneumatic-valves-5-big.html]
[labdhi.aikyam.agency/assets/images/pneumatic-valves-6-big.html]
[labdhi.aikyam.agency/assets/images/pneumatic-valves-7-big.html]
[labdhi.aikyam.agency/assets/images/pneumatic-valves-8-big.html]
[labdhi.aikyam.agency/assets/images/pneumatic-valves-9-big.html]
[labdhi.aikyam.agency/assets/images/pneumatic-valves-10-big.html]
[labdhi.aikyam.agency/assets/images/pneumatic-valves-11-big.html]
[labdhi.aikyam.agency/assets/images/pneumatic-valves-12-big.html]
[labdhi.aikyam.agency/assets/images/pneumatic-valves-13-big.html]
[labdhi.aikyam.agency/assets/images/pneumatic-valves-14-big.html]
[labdhi.aikyam.agency/assets/images/pneumatic-valves-15-big.html]
[labdhi.aikyam.agency/assets/images/pneumatic-valves-16-big.html]
[labdhi.aikyam.agency/assets/images/pneumatic-valves-17-big.html]
[labdhi.aikyam.agency/assets/images/pneumatic-valves-18-big.html]
[labdhi.aikyam.agency/assets/images/pneumatic-valves-19-big.html]
[labdhi.aikyam.agency/assets/images/pneumatic-valves-20-big.html]
[labdhi.aikyam.agency/assets/images/pneumatic-valves-21-big.html]
[labdhi.aikyam.agency/assets/images/pneumatic-valves-22-big.html]
[labdhi.aikyam.agency/assets/images/pneumatic-valves-24.html]
[labdhi.aikyam.agency/assets/images/pneumatic-valves-25.html]
[labdhi.aikyam.agency/assets/images/pneumatic-valves-26.html]
[labdhi.aikyam.agency/assets/images/pneumatic-valves-27.html]
[labdhi.aikyam.agency/assets/images/preloader.html]
[labdhi.aikyam.agency/assets/images/logo-2.html]
[labdhi.aikyam.agency/assets/images/shop/small/1.html]
[labdhi.aikyam.agency/assets/images/shop/small/6.html]
[labdhi.aikyam.agency/assets/images/projects/img-1.html]
[labdhi.aikyam.agency/assets/images/projects/img-2.html]
[labdhi.aikyam.agency/assets/images/projects/img-3.html]
[labdhi.aikyam.agency/assets/images/projects/img-4.html]
[labdhi.aikyam.agency/assets/images/projects/img-5.html]
[labdhi.aikyam.agency/assets/fonts/fontawesome-webfont5b625b62.html]
[labdhi.aikyam.agency/assets/fonts/fontawesome-webfontd41dd41d.html]
[labdhi.aikyam.agency/assets/fonts/fontawesome-webfont5b625b62-2.html]
[labdhi.aikyam.agency/assets/fonts/fontawesome-webfont5b625b62-3.html]
[labdhi.aikyam.agency/assets/fonts/fontawesome-webfont5b625b62-4.html]
[labdhi.aikyam.agency/assets/fonts/fontawesome-webfont5b625b62-5.html]
[labdhi.aikyam.agency/assets/fonts/Flaticon.html]
[labdhi.aikyam.agency/assets/fonts/Flaticond41dd41d.html]
[labdhi.aikyam.agency/assets/fonts/Flaticon-2.html]
[labdhi.aikyam.agency/assets/fonts/Flaticon-3.html]
[labdhi.aikyam.agency/assets/fonts/Flaticon-4.html]
[labdhi.aikyam.agency/assets/fonts/glyphicons-halflings-regular.html]
[labdhi.aikyam.agency/assets/fonts/glyphicons-halflings-regulard41dd41d.html]
[labdhi.aikyam.agency/assets/fonts/glyphicons-halflings-regular-2.html]
[labdhi.aikyam.agency/assets/fonts/glyphicons-halflings-regular-3.html]
[labdhi.aikyam.agency/assets/fonts/glyphicons-halflings-regular-4.html]
[labdhi.aikyam.agency/assets/fonts/glyphicons-halflings-regular-5.html]
[labdhi.aikyam.agency/assets/css/owl.video.play.html]
[labdhi.aikyam.agency/assets/images/ajax-loader.html]
[labdhi.aikyam.agency/assets/fonts/slick.html]
[labdhi.aikyam.agency/assets/fonts/slickd41dd41d.html]
[labdhi.aikyam.agency/assets/fonts/slick-2.html]
[labdhi.aikyam.agency/assets/fonts/slick-3.html]
[labdhi.aikyam.agency/assets/fonts/slick-4.html]
[labdhi.aikyam.agency/assets/images/fancybox/fancybox_sprite.html]
[labdhi.aikyam.agency/assets/images/fancybox/fancybox_loading.html]
[labdhi.aikyam.agency/assets/images/fancybox/blank.html]
[labdhi.aikyam.agency/assets/images/fancybox/fancybox_overlay.html]
[labdhi.aikyam.agency/assets/images/fancybox/fancybox_sprite@2x.html]
[labdhi.aikyam.agency/assets/images/fancybox/fancybox_loading@2x.html]
[labdhi.aikyam.agency/assets/css/mCSB_buttons.html]
[labdhi.aikyam.agency/assets/images/body-bg.html]
[labdhi.aikyam.agency/assets/images/select-icon.html]
[labdhi.aikyam.agency/assets/images/page-title.html]
[labdhi.aikyam.agency/assets/images/testimonials/quote.html]
